Category: 央视频道, Name: CCTV-1, Total: 373, Valid: 34, Valid Percent: 9.12%, IPv4: 319, IPv6: 54, Min Delay: 77 ms, Max Speed: 51.27 M/s, Avg Speed: 2.13 M/s, Max Resolution: 1920x1080
Category: 央视频道, Name: CCTV-2, Total: 347, Valid: 29, Valid Percent: 8.36%, IPv4: 305, IPv6: 42, Min Delay: 269 ms, Max Speed: 9.12 M/s, Avg Speed: 0.59 M/s, Max Resolution: 1920x1080
Category: 央视频道, Name: CCTV-3, Total: 350, Valid: 31, Valid Percent: 8.86%, IPv4: 310, IPv6: 40, Min Delay: 76 ms, Max Speed: 12.66 M/s, Avg Speed: 0.58 M/s, Max Resolution: 1920x1080
Category: 央视频道, Name: CCTV-4, Total: 386, Valid: 24, Valid Percent: 6.22%, IPv4: 343, IPv6: 43, Min Delay: 76 ms, Max Speed: 12.95 M/s, Avg Speed: 0.96 M/s, Max Resolution: 3840x2160
Category: 央视频道, Name: CCTV-5, Total: 386, Valid: 36, Valid Percent: 9.33%, IPv4: 334, IPv6: 52, Min Delay: 77 ms, Max Speed: 14.07 M/s, Avg Speed: 1.51 M/s, Max Resolution: 1920x1080
Category: 央视频道, Name: CCTV-5+, Total: 217, Valid: 20, Valid Percent: 9.22%, IPv4: 176, IPv6: 41, Min Delay: 417 ms, Max Speed: 0.49 M/s, Avg Speed: 0.11 M/s, Max Resolution: 1920x1080
Category: 央视频道, Name: CCTV-6, Total: 350, Valid: 24, Valid Percent: 6.86%, IPv4: 305, IPv6: 45, Min Delay: 80 ms, Max Speed: 12.44 M/s, Avg Speed: 0.98 M/s, Max Resolution: 1920x1080
Category: 央视频道, Name: CCTV-7, Total: 331, Valid: 23, Valid Percent: 6.95%, IPv4: 284, IPv6: 47, Min Delay: 73 ms, Max Speed: 11.98 M/s, Avg Speed: 0.98 M/s, Max Resolution: 1920x1080
Category: 央视频道, Name: CCTV-8, Total: 342, Valid: 24, Valid Percent: 7.02%, IPv4: 302, IPv6: 40, Min Delay: 413 ms, Max Speed: 8.84 M/s, Avg Speed: 0.43 M/s, Max Resolution: 1920x1080
Category: 央视频道, Name: CCTV-9, Total: 346, Valid: 23, Valid Percent: 6.65%, IPv4: 302, IPv6: 44, Min Delay: 76 ms, Max Speed: 14.03 M/s, Avg Speed: 1.59 M/s, Max Resolution: 1920x1080
Category: 央视频道, Name: CCTV-10, Total: 350, Valid: 24, Valid Percent: 6.86%, IPv4: 302, IPv6: 48, Min Delay: 126 ms, Max Speed: 26.27 M/s, Avg Speed: 1.96 M/s, Max Resolution: 1920x1080
Category: 央视频道, Name: CCTV-11, Total: 260, Valid: 18, Valid Percent: 6.92%, IPv4: 220, IPv6: 40, Min Delay: 77 ms, Max Speed: 13.25 M/s, Avg Speed: 1.75 M/s, Max Resolution: 1920x1080
Category: 央视频道, Name: CCTV-12, Total: 308, Valid: 23, Valid Percent: 7.47%, IPv4: 260, IPv6: 48, Min Delay: 73 ms, Max Speed: 13.59 M/s, Avg Speed: 1.62 M/s, Max Resolution: 1920x1080
Category: 央视频道, Name: CCTV-13, Total: 273, Valid: 19, Valid Percent: 6.96%, IPv4: 227, IPv6: 46, Min Delay: 127 ms, Max Speed: 7.30 M/s, Avg Speed: 0.54 M/s, Max Resolution: 1920x1080
Category: 央视频道, Name: CCTV-14, Total: 297, Valid: 21, Valid Percent: 7.07%, IPv4: 246, IPv6: 51, Min Delay: 83 ms, Max Speed: 12.88 M/s, Avg Speed: 1.69 M/s, Max Resolution: 1920x1080
Category: 央视频道, Name: CCTV-15, Total: 269, Valid: 20, Valid Percent: 7.43%, IPv4: 225, IPv6: 44, Min Delay: 74 ms, Max Speed: 13.10 M/s, Avg Speed: 1.66 M/s, Max Resolution: 1920x1080
Category: 央视频道, Name: CCTV-16, Total: 140, Valid: 8, Valid Percent: 5.71%, IPv4: 106, IPv6: 34, Min Delay: 74 ms, Max Speed: 13.41 M/s, Avg Speed: 2.37 M/s, Max Resolution: 1920x1080
Category: 央视频道, Name: 文化精品, Total: 6, Valid: 1, Valid Percent: 16.67%, IPv4: 3, IPv6: 3, Min Delay: 558 ms, Max Speed: 7.70 M/s, Avg Speed: 7.70 M/s, Max Resolution: 1920x1080
Category: 央视频道, Name: CCTV-17, Total: 191, Valid: 16, Valid Percent: 8.38%, IPv4: 148, IPv6: 43, Min Delay: 160 ms, Max Speed: 16.59 M/s, Avg Speed: 1.12 M/s, Max Resolution: 1920x1080
Category: 央视频道, Name: 央视台球, Total: 9, Valid: 3, Valid Percent: 33.33%, IPv4: 7, IPv6: 2, Min Delay: 491 ms, Max Speed: 8.73 M/s, Avg Speed: 2.91 M/s, Max Resolution: 1920x1080
Category: 央视频道, Name: 风云音乐, Total: 9, Valid: 5, Valid Percent: 55.56%, IPv4: 6, IPv6: 3, Min Delay: 373 ms, Max Speed: 3.66 M/s, Avg Speed: 0.86 M/s, Max Resolution: 1920x1080
Category: 央视频道, Name: 高尔夫网球, Total: 4, Valid: 1, Valid Percent: 25.00%, IPv4: 2, IPv6: 2, Min Delay: 667 ms, Max Speed: 5.50 M/s, Avg Speed: 5.50 M/s, Max Resolution: 1920x1080
Category: 央视频道, Name: 第一剧场, Total: 15, Valid: 5, Valid Percent: 33.33%, IPv4: 10, IPv6: 5, Min Delay: 443 ms, Max Speed: 8.78 M/s, Avg Speed: 1.91 M/s, Max Resolution: 1920x1080
Category: 央视频道, Name: 风云剧场, Total: 8, Valid: 3, Valid Percent: 37.50%, IPv4: 5, IPv6: 3, Min Delay: 480 ms, Max Speed: 9.96 M/s, Avg Speed: 3.37 M/s, Max Resolution: 1920x1080
Category: 央视频道, Name: 怀旧剧场, Total: 9, Valid: 4, Valid Percent: 44.44%, IPv4: 6, IPv6: 3, Min Delay: 444 ms, Max Speed: 6.71 M/s, Avg Speed: 1.87 M/s, Max Resolution: 1920x1080
Category: 央视频道, Name: 电视指南, Total: 4, Valid: 2, Valid Percent: 50.00%, IPv4: 2, IPv6: 2, Min Delay: 438 ms, Max Speed: 6.35 M/s, Avg Speed: 3.33 M/s, Max Resolution: 1920x1080
Category: 央视频道, Name: 女性时尚, Total: 7, Valid: 3, Valid Percent: 42.86%, IPv4: 5, IPv6: 2, Min Delay: 476 ms, Max Speed: 9.62 M/s, Avg Speed: 3.39 M/s, Max Resolution: 1920x1080
Category: 央视频道, Name: 风云足球, Total: 13, Valid: 5, Valid Percent: 38.46%, IPv4: 9, IPv6: 4, Min Delay: 360 ms, Max Speed: 10.32 M/s, Avg Speed: 2.18 M/s, Max Resolution: 1920x1080
Category: 央视频道, Name: 兵器科技, Total: 8, Valid: 2, Valid Percent: 25.00%, IPv4: 5, IPv6: 3, Min Delay: 466 ms, Max Speed: 9.85 M/s, Avg Speed: 4.94 M/s, Max Resolution: 1920x1080
Category: 央视频道, Name: 世界地理, Total: 5, Valid: 3, Valid Percent: 60.00%, IPv4: 4, IPv6: 1, Min Delay: 414 ms, Max Speed: 8.71 M/s, Avg Speed: 2.95 M/s, Max Resolution: 1920x1080
Category: 卫视频道, Name: 香港卫视, Total: 12, Valid: 0, Valid Percent: 0.00%, IPv4: 9, IPv6: 3, Min Delay: -1 ms, Max Speed: 0.00 M/s, Avg Speed: 0.00 M/s, Max Resolution: None
Category: 卫视频道, Name: 广东卫视, Total: 313, Valid: 21, Valid Percent: 6.71%, IPv4: 241, IPv6: 72, Min Delay: 80 ms, Max Speed: 11.16 M/s, Avg Speed: 1.59 M/s, Max Resolution: 1920x1080
Category: 卫视频道, Name: 浙江卫视, Total: 319, Valid: 30, Valid Percent: 9.40%, IPv4: 236, IPv6: 83, Min Delay: 77 ms, Max Speed: 12.69 M/s, Avg Speed: 1.49 M/s, Max Resolution: 1920x1080
Category: 卫视频道, Name: 湖南卫视, Total: 324, Valid: 30, Valid Percent: 9.26%, IPv4: 259, IPv6: 65, Min Delay: 78 ms, Max Speed: 12.92 M/s, Avg Speed: 1.61 M/s, Max Resolution: 3840x2160
Category: 卫视频道, Name: 北京卫视, Total: 317, Valid: 22, Valid Percent: 6.94%, IPv4: 244, IPv6: 73, Min Delay: 79 ms, Max Speed: 10.90 M/s, Avg Speed: 1.32 M/s, Max Resolution: 1920x1080
Category: 卫视频道, Name: 湖北卫视, Total: 295, Valid: 21, Valid Percent: 7.12%, IPv4: 226, IPv6: 69, Min Delay: 54 ms, Max Speed: 13.64 M/s, Avg Speed: 1.74 M/s, Max Resolution: 1920x1080
Category: 卫视频道, Name: 黑龙江卫视, Total: 258, Valid: 17, Valid Percent: 6.59%, IPv4: 185, IPv6: 73, Min Delay: 79 ms, Max Speed: 12.33 M/s, Avg Speed: 1.43 M/s, Max Resolution: 1920x1080
Category: 卫视频道, Name: 安徽卫视, Total: 266, Valid: 20, Valid Percent: 7.52%, IPv4: 205, IPv6: 61, Min Delay: 84 ms, Max Speed: 15.83 M/s, Avg Speed: 1.58 M/s, Max Resolution: 1920x1080
Category: 卫视频道, Name: 重庆卫视, Total: 262, Valid: 15, Valid Percent: 5.73%, IPv4: 204, IPv6: 58, Min Delay: 82 ms, Max Speed: 16.08 M/s, Avg Speed: 1.24 M/s, Max Resolution: 1920x1080
Category: 卫视频道, Name: 东方卫视, Total: 294, Valid: 25, Valid Percent: 8.50%, IPv4: 220, IPv6: 74, Min Delay: 133 ms, Max Speed: 25.10 M/s, Avg Speed: 2.13 M/s, Max Resolution: 1920x1080
Category: 卫视频道, Name: 东南卫视, Total: 255, Valid: 13, Valid Percent: 5.10%, IPv4: 196, IPv6: 59, Min Delay: 55 ms, Max Speed: 8.22 M/s, Avg Speed: 1.51 M/s, Max Resolution: 1920x1080
Category: 卫视频道, Name: 甘肃卫视, Total: 131, Valid: 8, Valid Percent: 6.11%, IPv4: 98, IPv6: 33, Min Delay: 80 ms, Max Speed: 12.59 M/s, Avg Speed: 2.95 M/s, Max Resolution: 1920x1080
Category: 卫视频道, Name: 广西卫视, Total: 224, Valid: 19, Valid Percent: 8.48%, IPv4: 180, IPv6: 44, Min Delay: 79 ms, Max Speed: 18.40 M/s, Avg Speed: 2.39 M/s, Max Resolution: 1920x1080
Category: 卫视频道, Name: 贵州卫视, Total: 257, Valid: 18, Valid Percent: 7.00%, IPv4: 199, IPv6: 58, Min Delay: 77 ms, Max Speed: 12.88 M/s, Avg Speed: 1.52 M/s, Max Resolution: 1920x1080
Category: 卫视频道, Name: 海南卫视, Total: 162, Valid: 10, Valid Percent: 6.17%, IPv4: 113, IPv6: 49, Min Delay: 77 ms, Max Speed: 13.26 M/s, Avg Speed: 1.63 M/s, Max Resolution: 1920x1080
Category: 卫视频道, Name: 河北卫视, Total: 232, Valid: 18, Valid Percent: 7.76%, IPv4: 171, IPv6: 61, Min Delay: 81 ms, Max Speed: 8.68 M/s, Avg Speed: 0.91 M/s, Max Resolution: 1920x1080
Category: 卫视频道, Name: 河南卫视, Total: 245, Valid: 22, Valid Percent: 8.98%, IPv4: 200, IPv6: 45, Min Delay: 81 ms, Max Speed: 12.48 M/s, Avg Speed: 1.40 M/s, Max Resolution: 1920x1080
Category: 卫视频道, Name: 吉林卫视, Total: 210, Valid: 13, Valid Percent: 6.19%, IPv4: 161, IPv6: 49, Min Delay: 93 ms, Max Speed: 13.85 M/s, Avg Speed: 2.19 M/s, Max Resolution: 1920x1080
Category: 卫视频道, Name: 江苏卫视, Total: 315, Valid: 25, Valid Percent: 7.94%, IPv4: 243, IPv6: 72, Min Delay: 162 ms, Max Speed: 15.86 M/s, Avg Speed: 1.52 M/s, Max Resolution: 1920x1080
Category: 卫视频道, Name: 江西卫视, Total: 262, Valid: 21, Valid Percent: 8.02%, IPv4: 201, IPv6: 61, Min Delay: 93 ms, Max Speed: 9.27 M/s, Avg Speed: 0.95 M/s, Max Resolution: 1920x1080
Category: 卫视频道, Name: 辽宁卫视, Total: 272, Valid: 21, Valid Percent: 7.72%, IPv4: 211, IPv6: 61, Min Delay: 78 ms, Max Speed: 12.52 M/s, Avg Speed: 1.17 M/s, Max Resolution: 1920x1080
Category: 卫视频道, Name: 内蒙古卫视, Total: 97, Valid: 9, Valid Percent: 9.28%, IPv4: 79, IPv6: 18, Min Delay: 70 ms, Max Speed: 13.38 M/s, Avg Speed: 2.37 M/s, Max Resolution: 1920x1080
Category: 卫视频道, Name: 宁夏卫视, Total: 127, Valid: 7, Valid Percent: 5.51%, IPv4: 106, IPv6: 21, Min Delay: 55 ms, Max Speed: 12.58 M/s, Avg Speed: 2.12 M/s, Max Resolution: 1920x1080
Category: 卫视频道, Name: 青海卫视, Total: 152, Valid: 2, Valid Percent: 1.32%, IPv4: 123, IPv6: 29, Min Delay: 80 ms, Max Speed: 4.51 M/s, Avg Speed: 2.93 M/s, Max Resolution: 1920x1080
Category: 卫视频道, Name: 山东卫视, Total: 267, Valid: 20, Valid Percent: 7.49%, IPv4: 203, IPv6: 64, Min Delay: 60 ms, Max Speed: 13.12 M/s, Avg Speed: 1.33 M/s, Max Resolution: 1920x1080
Category: 卫视频道, Name: 山西卫视, Total: 28, Valid: 7, Valid Percent: 25.00%, IPv4: 19, IPv6: 9, Min Delay: 79 ms, Max Speed: 12.59 M/s, Avg Speed: 2.28 M/s, Max Resolution: 1920x1080
Category: 卫视频道, Name: 陕西卫视, Total: 34, Valid: 11, Valid Percent: 32.35%, IPv4: 25, IPv6: 9, Min Delay: 72 ms, Max Speed: 14.72 M/s, Avg Speed: 3.57 M/s, Max Resolution: 1920x1080
Category: 卫视频道, Name: 四川卫视, Total: 255, Valid: 19, Valid Percent: 7.45%, IPv4: 207, IPv6: 48, Min Delay: 75 ms, Max Speed: 12.61 M/s, Avg Speed: 1.22 M/s, Max Resolution: 1920x1080
Category: 卫视频道, Name: 深圳卫视, Total: 268, Valid: 28, Valid Percent: 10.45%, IPv4: 216, IPv6: 52, Min Delay: 85 ms, Max Speed: 16.09 M/s, Avg Speed: 1.71 M/s, Max Resolution: 1920x1080
Category: 卫视频道, Name: 三沙卫视, Total: 55, Valid: 2, Valid Percent: 3.64%, IPv4: 40, IPv6: 15, Min Delay: 80 ms, Max Speed: 12.91 M/s, Avg Speed: 12.55 M/s, Max Resolution: 1920x1080
Category: 卫视频道, Name: 天津卫视, Total: 294, Valid: 28, Valid Percent: 9.52%, IPv4: 224, IPv6: 70, Min Delay: 85 ms, Max Speed: 14.72 M/s, Avg Speed: 1.44 M/s, Max Resolution: 1920x1080
Category: 卫视频道, Name: 西藏卫视, Total: 98, Valid: 7, Valid Percent: 7.14%, IPv4: 79, IPv6: 19, Min Delay: 49 ms, Max Speed: 12.44 M/s, Avg Speed: 2.14 M/s, Max Resolution: 1920x1080
Category: 卫视频道, Name: 新疆卫视, Total: 125, Valid: 9, Valid Percent: 7.20%, IPv4: 97, IPv6: 28, Min Delay: 49 ms, Max Speed: 13.14 M/s, Avg Speed: 1.87 M/s, Max Resolution: 1920x1080
Category: 卫视频道, Name: 云南卫视, Total: 179, Valid: 16, Valid Percent: 8.94%, IPv4: 149, IPv6: 30, Min Delay: 55 ms, Max Speed: 16.28 M/s, Avg Speed: 2.30 M/s, Max Resolution: 1920x1080
Category: 卫视频道, Name: 厦门卫视, Total: 46, Valid: 1, Valid Percent: 2.17%, IPv4: 32, IPv6: 14, Min Delay: 10257 ms, Max Speed: 0.01 M/s, Avg Speed: 0.01 M/s, Max Resolution: None
Category: 卫视频道, Name: 农林卫视, Total: 15, Valid: 1, Valid Percent: 6.67%, IPv4: 15, IPv6: 0, Min Delay: 11001 ms, Max Speed: 0.04 M/s, Avg Speed: 0.04 M/s, Max Resolution: 720x576
Category: 电影频道, Name: 凤凰电影, Total: 1, Valid: 0, Valid Percent: 0.00%, IPv4: 1, IPv6: 0, Min Delay: -1 ms, Max Speed: 0.00 M/s, Avg Speed: 0.00 M/s, Max Resolution: None
Category: 电影频道, Name: CHC动作电影, Total: 26, Valid: 4, Valid Percent: 15.38%, IPv4: 20, IPv6: 6, Min Delay: 74 ms, Max Speed: 13.22 M/s, Avg Speed: 6.68 M/s, Max Resolution: 1920x1080
Category: 电影频道, Name: 靖天戏剧, Total: 5, Valid: 2, Valid Percent: 40.00%, IPv4: 3, IPv6: 2, Min Delay: 18 ms, Max Speed: 26.07 M/s, Avg Speed: 17.74 M/s, Max Resolution: 1920x1080
Category: 电影频道, Name: 无线星河, Total: 5, Valid: 2, Valid Percent: 40.00%, IPv4: 2, IPv6: 3, Min Delay: 98 ms, Max Speed: 30.71 M/s, Avg Speed: 15.36 M/s, Max Resolution: None
Category: 电影频道, Name: IPTV经典电影, Total: 1, Valid: 1, Valid Percent: 100.00%, IPv4: 1, IPv6: 0, Min Delay: 124 ms, Max Speed: 3.66 M/s, Avg Speed: 3.66 M/s, Max Resolution: 1920x1080
Category: 电影频道, Name: CHC家庭影院, Total: 20, Valid: 2, Valid Percent: 10.00%, IPv4: 17, IPv6: 3, Min Delay: 1429 ms, Max Speed: 0.20 M/s, Avg Speed: 0.17 M/s, Max Resolution: 1920x1080
Category: 电影频道, Name: 冰冰影剧, Total: 1, Valid: 0, Valid Percent: 0.00%, IPv4: 1, IPv6: 0, Min Delay: -1 ms, Max Speed: 0.00 M/s, Avg Speed: 0.00 M/s, Max Resolution: None
Category: 电影频道, Name: 刀刀影院, Total: 2, Valid: 0, Valid Percent: 0.00%, IPv4: 2, IPv6: 0, Min Delay: -1 ms, Max Speed: 0.00 M/s, Avg Speed: 0.00 M/s, Max Resolution: None
Category: 电影频道, Name: 靖天映画, Total: 8, Valid: 1, Valid Percent: 12.50%, IPv4: 4, IPv6: 4, Min Delay: 32 ms, Max Speed: 9.64 M/s, Avg Speed: 9.64 M/s, Max Resolution: 1920x1080
Category: 电影频道, Name: 古装武侠, Total: 1, Valid: 0, Valid Percent: 0.00%, IPv4: 1, IPv6: 0, Min Delay: -1 ms, Max Speed: 0.00 M/s, Avg Speed: 0.00 M/s, Max Resolution: None
Category: 电影频道, Name: CHC电影, Total: 1, Valid: 1, Valid Percent: 100.00%, IPv4: 1, IPv6: 0, Min Delay: 10958 ms, Max Speed: 0.53 M/s, Avg Speed: 0.53 M/s, Max Resolution: 1920x1080
Category: 电影频道, Name: 华语影视, Total: 1, Valid: 0, Valid Percent: 0.00%, IPv4: 1, IPv6: 0, Min Delay: -1 ms, Max Speed: 0.00 M/s, Avg Speed: 0.00 M/s, Max Resolution: None
Category: 电影频道, Name: 东阳影视生活, Total: 1, Valid: 1, Valid Percent: 100.00%, IPv4: 1, IPv6: 0, Min Delay: 10910 ms, Max Speed: 0.02 M/s, Avg Speed: 0.02 M/s, Max Resolution: 1280x720
Category: 电影频道, Name: 宇宙科幻合集, Total: 1, Valid: 0, Valid Percent: 0.00%, IPv4: 1, IPv6: 0, Min Delay: -1 ms, Max Speed: 0.00 M/s, Avg Speed: 0.00 M/s, Max Resolution: None
Category: 电影频道, Name: 怪兽电影, Total: 1, Valid: 0, Valid Percent: 0.00%, IPv4: 1, IPv6: 0, Min Delay: -1 ms, Max Speed: 0.00 M/s, Avg Speed: 0.00 M/s, Max Resolution: None
Category: 电影频道, Name: 战争电影, Total: 1, Valid: 0, Valid Percent: 0.00%, IPv4: 1, IPv6: 0, Min Delay: -1 ms, Max Speed: 0.00 M/s, Avg Speed: 0.00 M/s, Max Resolution: None
Category: 电影频道, Name: 星空卫视, Total: 7, Valid: 2, Valid Percent: 28.57%, IPv4: 5, IPv6: 2, Min Delay: 41 ms, Max Speed: 7.48 M/s, Avg Speed: 3.76 M/s, Max Resolution: 1920x1080
Category: 电影频道, Name: 橙记港剧, Total: 2, Valid: 0, Valid Percent: 0.00%, IPv4: 2, IPv6: 0, Min Delay: -1 ms, Max Speed: 0.00 M/s, Avg Speed: 0.00 M/s, Max Resolution: None
Category: 电影频道, Name: 天映经典, Total: 11, Valid: 3, Valid Percent: 27.27%, IPv4: 4, IPv6: 7, Min Delay: 33 ms, Max Speed: 48.43 M/s, Avg Speed: 19.23 M/s, Max Resolution: 1920x1080
Category: 电影频道, Name: 龙华电影, Total: 4, Valid: 0, Valid Percent: 0.00%, IPv4: 3, IPv6: 1, Min Delay: -1 ms, Max Speed: 0.00 M/s, Avg Speed: 0.00 M/s, Max Resolution: None
Category: 电影频道, Name: 刑事侦缉档案, Total: 2, Valid: 0, Valid Percent: 0.00%, IPv4: 2, IPv6: 0, Min Delay: -1 ms, Max Speed: 0.00 M/s, Avg Speed: 0.00 M/s, Max Resolution: None
Category: 电影频道, Name: 功夫电影, Total: 2, Valid: 0, Valid Percent: 0.00%, IPv4: 2, IPv6: 0, Min Delay: -1 ms, Max Speed: 0.00 M/s, Avg Speed: 0.00 M/s, Max Resolution: None
Category: 电影频道, Name: 热门港剧, Total: 2, Valid: 0, Valid Percent: 0.00%, IPv4: 2, IPv6: 0, Min Delay: -1 ms, Max Speed: 0.00 M/s, Avg Speed: 0.00 M/s, Max Resolution: None
Category: 电影频道, Name: 周星驰电影, Total: 2, Valid: 0, Valid Percent: 0.00%, IPv4: 2, IPv6: 0, Min Delay: -1 ms, Max Speed: 0.00 M/s, Avg Speed: 0.00 M/s, Max Resolution: None
Category: 电影频道, Name: 末日电影合集, Total: 1, Valid: 0, Valid Percent: 0.00%, IPv4: 1, IPv6: 0, Min Delay: -1 ms, Max Speed: 0.00 M/s, Avg Speed: 0.00 M/s, Max Resolution: None
Category: 电影频道, Name: 李连杰电影, Total: 2, Valid: 0, Valid Percent: 0.00%, IPv4: 2, IPv6: 0, Min Delay: -1 ms, Max Speed: 0.00 M/s, Avg Speed: 0.00 M/s, Max Resolution: None
Category: 电影频道, Name: 电影八点档, Total: 1, Valid: 0, Valid Percent: 0.00%, IPv4: 0, IPv6: 1, Min Delay: -1 ms, Max Speed: 0.00 M/s, Avg Speed: 0.00 M/s, Max Resolution: None
Category: 电影频道, Name: 电影丧尸片, Total: 1, Valid: 0, Valid Percent: 0.00%, IPv4: 0, IPv6: 1, Min Delay: -1 ms, Max Speed: 0.00 M/s, Avg Speed: 0.00 M/s, Max Resolution: None
Category: 电影频道, Name: 电影战争片, Total: 1, Valid: 0, Valid Percent: 0.00%, IPv4: 0, IPv6: 1, Min Delay: -1 ms, Max Speed: 0.00 M/s, Avg Speed: 0.00 M/s, Max Resolution: None
Category: 电影频道, Name: 电影刘德华, Total: 1, Valid: 0, Valid Percent: 0.00%, IPv4: 0, IPv6: 1, Min Delay: -1 ms, Max Speed: 0.00 M/s, Avg Speed: 0.00 M/s, Max Resolution: None
Category: 电影频道, Name: 电影功夫片, Total: 1, Valid: 0, Valid Percent: 0.00%, IPv4: 0, IPv6: 1, Min Delay: -1 ms, Max Speed: 0.00 M/s, Avg Speed: 0.00 M/s, Max Resolution: None
Category: 电影频道, Name: 电影动作电影, Total: 1, Valid: 0, Valid Percent: 0.00%, IPv4: 0, IPv6: 1, Min Delay: -1 ms, Max Speed: 0.00 M/s, Avg Speed: 0.00 M/s, Max Resolution: None
Category: 电影频道, Name: 淘剧场, Total: 6, Valid: 0, Valid Percent: 0.00%, IPv4: 3, IPv6: 3, Min Delay: -1 ms, Max Speed: 0.00 M/s, Avg Speed: 0.00 M/s, Max Resolution: None
Category: 咪咕直播, Name: 咪咕直播2, Total: 1, Valid: 0, Valid Percent: 0.00%, IPv4: 0, IPv6: 1, Min Delay: -1 ms, Max Speed: 0.00 M/s, Avg Speed: 0.00 M/s, Max Resolution: None
Category: 咪咕直播, Name: 咪咕直播3, Total: 1, Valid: 0, Valid Percent: 0.00%, IPv4: 0, IPv6: 1, Min Delay: -1 ms, Max Speed: 0.00 M/s, Avg Speed: 0.00 M/s, Max Resolution: None
Category: 咪咕直播, Name: 咪咕直播4, Total: 1, Valid: 0, Valid Percent: 0.00%, IPv4: 0, IPv6: 1, Min Delay: -1 ms, Max Speed: 0.00 M/s, Avg Speed: 0.00 M/s, Max Resolution: None
Category: 咪咕直播, Name: 咪咕直播5, Total: 1, Valid: 0, Valid Percent: 0.00%, IPv4: 0, IPv6: 1, Min Delay: -1 ms, Max Speed: 0.00 M/s, Avg Speed: 0.00 M/s, Max Resolution: None
Category: 咪咕直播, Name: 咪咕直播6, Total: 1, Valid: 0, Valid Percent: 0.00%, IPv4: 0, IPv6: 1, Min Delay: -1 ms, Max Speed: 0.00 M/s, Avg Speed: 0.00 M/s, Max Resolution: None
Category: 咪咕直播, Name: 咪咕直播7, Total: 1, Valid: 0, Valid Percent: 0.00%, IPv4: 0, IPv6: 1, Min Delay: -1 ms, Max Speed: 0.00 M/s, Avg Speed: 0.00 M/s, Max Resolution: None
Category: 咪咕直播, Name: 咪咕直播8, Total: 1, Valid: 0, Valid Percent: 0.00%, IPv4: 0, IPv6: 1, Min Delay: -1 ms, Max Speed: 0.00 M/s, Avg Speed: 0.00 M/s, Max Resolution: None
Category: 咪咕直播, Name: 咪咕直播9, Total: 1, Valid: 0, Valid Percent: 0.00%, IPv4: 0, IPv6: 1, Min Delay: -1 ms, Max Speed: 0.00 M/s, Avg Speed: 0.00 M/s, Max Resolution: None
Category: 咪咕直播, Name: 咪咕直播10, Total: 1, Valid: 0, Valid Percent: 0.00%, IPv4: 0, IPv6: 1, Min Delay: -1 ms, Max Speed: 0.00 M/s, Avg Speed: 0.00 M/s, Max Resolution: None
Category: 咪咕直播, Name: 咪咕直播11, Total: 1, Valid: 0, Valid Percent: 0.00%, IPv4: 0, IPv6: 1, Min Delay: -1 ms, Max Speed: 0.00 M/s, Avg Speed: 0.00 M/s, Max Resolution: None
Category: 咪咕直播, Name: 咪咕直播12, Total: 1, Valid: 0, Valid Percent: 0.00%, IPv4: 0, IPv6: 1, Min Delay: -1 ms, Max Speed: 0.00 M/s, Avg Speed: 0.00 M/s, Max Resolution: None
Category: 咪咕直播, Name: 咪咕直播13, Total: 1, Valid: 0, Valid Percent: 0.00%, IPv4: 0, IPv6: 1, Min Delay: -1 ms, Max Speed: 0.00 M/s, Avg Speed: 0.00 M/s, Max Resolution: None
Category: 咪咕直播, Name: 咪咕直播14, Total: 1, Valid: 0, Valid Percent: 0.00%, IPv4: 0, IPv6: 1, Min Delay: -1 ms, Max Speed: 0.00 M/s, Avg Speed: 0.00 M/s, Max Resolution: None
Category: 咪咕直播, Name: 咪咕直播15, Total: 1, Valid: 0, Valid Percent: 0.00%, IPv4: 0, IPv6: 1, Min Delay: -1 ms, Max Speed: 0.00 M/s, Avg Speed: 0.00 M/s, Max Resolution: None
Category: 咪咕直播, Name: 咪咕直播16, Total: 1, Valid: 0, Valid Percent: 0.00%, IPv4: 0, IPv6: 1, Min Delay: -1 ms, Max Speed: 0.00 M/s, Avg Speed: 0.00 M/s, Max Resolution: None
Category: 咪咕直播, Name: 咪咕直播17, Total: 1, Valid: 0, Valid Percent: 0.00%, IPv4: 0, IPv6: 1, Min Delay: -1 ms, Max Speed: 0.00 M/s, Avg Speed: 0.00 M/s, Max Resolution: None
Category: 咪咕直播, Name: 咪咕直播18, Total: 1, Valid: 0, Valid Percent: 0.00%, IPv4: 0, IPv6: 1, Min Delay: -1 ms, Max Speed: 0.00 M/s, Avg Speed: 0.00 M/s, Max Resolution: None
Category: 咪咕直播, Name: 咪咕直播19, Total: 1, Valid: 0, Valid Percent: 0.00%, IPv4: 0, IPv6: 1, Min Delay: -1 ms, Max Speed: 0.00 M/s, Avg Speed: 0.00 M/s, Max Resolution: None
Category: 咪咕直播, Name: 咪咕直播20, Total: 1, Valid: 0, Valid Percent: 0.00%, IPv4: 0, IPv6: 1, Min Delay: -1 ms, Max Speed: 0.00 M/s, Avg Speed: 0.00 M/s, Max Resolution: None
Category: 咪咕直播, Name: 咪咕直播21, Total: 1, Valid: 0, Valid Percent: 0.00%, IPv4: 0, IPv6: 1, Min Delay: -1 ms, Max Speed: 0.00 M/s, Avg Speed: 0.00 M/s, Max Resolution: None
Category: 咪咕直播, Name: 咪咕直播22, Total: 1, Valid: 0, Valid Percent: 0.00%, IPv4: 0, IPv6: 1, Min Delay: -1 ms, Max Speed: 0.00 M/s, Avg Speed: 0.00 M/s, Max Resolution: None
Category: 咪咕直播, Name: 咪咕直播23, Total: 1, Valid: 0, Valid Percent: 0.00%, IPv4: 0, IPv6: 1, Min Delay: -1 ms, Max Speed: 0.00 M/s, Avg Speed: 0.00 M/s, Max Resolution: None
Category: 咪咕直播, Name: 咪咕直播24, Total: 1, Valid: 0, Valid Percent: 0.00%, IPv4: 0, IPv6: 1, Min Delay: -1 ms, Max Speed: 0.00 M/s, Avg Speed: 0.00 M/s, Max Resolution: None
Category: 咪咕直播, Name: 咪咕直播25, Total: 1, Valid: 0, Valid Percent: 0.00%, IPv4: 0, IPv6: 1, Min Delay: -1 ms, Max Speed: 0.00 M/s, Avg Speed: 0.00 M/s, Max Resolution: None
Category: 咪咕直播, Name: 咪咕直播26, Total: 1, Valid: 0, Valid Percent: 0.00%, IPv4: 0, IPv6: 1, Min Delay: -1 ms, Max Speed: 0.00 M/s, Avg Speed: 0.00 M/s, Max Resolution: None
Category: 咪咕直播, Name: 咪咕直播27, Total: 1, Valid: 0, Valid Percent: 0.00%, IPv4: 0, IPv6: 1, Min Delay: -1 ms, Max Speed: 0.00 M/s, Avg Speed: 0.00 M/s, Max Resolution: None
Category: 咪咕直播, Name: 咪咕直播28, Total: 1, Valid: 0, Valid Percent: 0.00%, IPv4: 0, IPv6: 1, Min Delay: -1 ms, Max Speed: 0.00 M/s, Avg Speed: 0.00 M/s, Max Resolution: None
Category: 咪咕直播, Name: 咪咕直播29, Total: 1, Valid: 0, Valid Percent: 0.00%, IPv4: 0, IPv6: 1, Min Delay: -1 ms, Max Speed: 0.00 M/s, Avg Speed: 0.00 M/s, Max Resolution: None
Category: 咪咕直播, Name: 咪咕直播30, Total: 1, Valid: 0, Valid Percent: 0.00%, IPv4: 0, IPv6: 1, Min Delay: -1 ms, Max Speed: 0.00 M/s, Avg Speed: 0.00 M/s, Max Resolution: None
Category: 咪咕直播, Name: 咪咕直播31, Total: 1, Valid: 0, Valid Percent: 0.00%, IPv4: 0, IPv6: 1, Min Delay: -1 ms, Max Speed: 0.00 M/s, Avg Speed: 0.00 M/s, Max Resolution: None
Category: 咪咕直播, Name: 咪咕直播32, Total: 1, Valid: 0, Valid Percent: 0.00%, IPv4: 0, IPv6: 1, Min Delay: -1 ms, Max Speed: 0.00 M/s, Avg Speed: 0.00 M/s, Max Resolution: None
Category: 咪咕直播, Name: 咪咕直播33, Total: 1, Valid: 0, Valid Percent: 0.00%, IPv4: 0, IPv6: 1, Min Delay: -1 ms, Max Speed: 0.00 M/s, Avg Speed: 0.00 M/s, Max Resolution: None
Category: 咪咕直播, Name: 咪咕直播34, Total: 1, Valid: 0, Valid Percent: 0.00%, IPv4: 0, IPv6: 1, Min Delay: -1 ms, Max Speed: 0.00 M/s, Avg Speed: 0.00 M/s, Max Resolution: None
Category: 咪咕直播, Name: 咪咕直播35, Total: 1, Valid: 0, Valid Percent: 0.00%, IPv4: 0, IPv6: 1, Min Delay: -1 ms, Max Speed: 0.00 M/s, Avg Speed: 0.00 M/s, Max Resolution: None
Category: 咪咕直播, Name: 咪咕直播36, Total: 1, Valid: 0, Valid Percent: 0.00%, IPv4: 0, IPv6: 1, Min Delay: -1 ms, Max Speed: 0.00 M/s, Avg Speed: 0.00 M/s, Max Resolution: None
Category: 咪咕直播, Name: 咪咕直播37, Total: 1, Valid: 0, Valid Percent: 0.00%, IPv4: 0, IPv6: 1, Min Delay: -1 ms, Max Speed: 0.00 M/s, Avg Speed: 0.00 M/s, Max Resolution: None
Category: 咪咕直播, Name: 咪咕直播38, Total: 1, Valid: 0, Valid Percent: 0.00%, IPv4: 0, IPv6: 1, Min Delay: -1 ms, Max Speed: 0.00 M/s, Avg Speed: 0.00 M/s, Max Resolution: None
Category: 咪咕直播, Name: 咪咕直播1, Total: 1, Valid: 0, Valid Percent: 0.00%, IPv4: 1, IPv6: 0, Min Delay: -1 ms, Max Speed: 0.00 M/s, Avg Speed: 0.00 M/s, Max Resolution: None
Category: 电影频道, Name: 电影蜘蛛侠, Total: 1, Valid: 0, Valid Percent: 0.00%, IPv4: 0, IPv6: 1, Min Delay: -1 ms, Max Speed: 0.00 M/s, Avg Speed: 0.00 M/s, Max Resolution: None
Category: 电影频道, Name: 电影搞笑喜剧, Total: 1, Valid: 0, Valid Percent: 0.00%, IPv4: 0, IPv6: 1, Min Delay: -1 ms, Max Speed: 0.00 M/s, Avg Speed: 0.00 M/s, Max Resolution: None
Category: 电影频道, Name: 电影贺岁, Total: 1, Valid: 0, Valid Percent: 0.00%, IPv4: 0, IPv6: 1, Min Delay: -1 ms, Max Speed: 0.00 M/s, Avg Speed: 0.00 M/s, Max Resolution: None
Category: 电影频道, Name: 淘娱乐, Total: 6, Valid: 0, Valid Percent: 0.00%, IPv4: 3, IPv6: 3, Min Delay: -1 ms, Max Speed: 0.00 M/s, Avg Speed: 0.00 M/s, Max Resolution: None
Category: 电影频道, Name: 王晶电影, Total: 2, Valid: 0, Valid Percent: 0.00%, IPv4: 2, IPv6: 0, Min Delay: -1 ms, Max Speed: 0.00 M/s, Avg Speed: 0.00 M/s, Max Resolution: None
Category: 电影频道, Name: 甄子丹电影, Total: 2, Valid: 0, Valid Percent: 0.00%, IPv4: 2, IPv6: 0, Min Delay: -1 ms, Max Speed: 0.00 M/s, Avg Speed: 0.00 M/s, Max Resolution: None
Category: 体育频道, Name: 广东体育, Total: 66, Valid: 17, Valid Percent: 25.76%, IPv4: 50, IPv6: 16, Min Delay: 77 ms, Max Speed: 29.84 M/s, Avg Speed: 5.02 M/s, Max Resolution: 1920x1080
Category: 体育频道, Name: 纬来体育, Total: 29, Valid: 4, Valid Percent: 13.79%, IPv4: 24, IPv6: 5, Min Delay: 32 ms, Max Speed: 9.76 M/s, Avg Speed: 6.80 M/s, Max Resolution: 1920x1080
Category: 体育频道, Name: 五星体育, Total: 28, Valid: 2, Valid Percent: 7.14%, IPv4: 22, IPv6: 6, Min Delay: 143 ms, Max Speed: 8.37 M/s, Avg Speed: 5.88 M/s, Max Resolution: 1920x1080
Category: 体育频道, Name: 劲爆体育, Total: 26, Valid: 2, Valid Percent: 7.69%, IPv4: 23, IPv6: 3, Min Delay: 2125 ms, Max Speed: 0.41 M/s, Avg Speed: 0.29 M/s, Max Resolution: 1920x1080
Category: 体育频道, Name: 爱体育, Total: 9, Valid: 0, Valid Percent: 0.00%, IPv4: 1, IPv6: 8, Min Delay: -1 ms, Max Speed: 0.00 M/s, Avg Speed: 0.00 M/s, Max Resolution: None
Category: 体育频道, Name: 广州竞赛, Total: 12, Valid: 0, Valid Percent: 0.00%, IPv4: 9, IPv6: 3, Min Delay: -1 ms, Max Speed: 0.00 M/s, Avg Speed: 0.00 M/s, Max Resolution: None
Category: 体育频道, Name: 辽宁体育, Total: 2, Valid: 1, Valid Percent: 50.00%, IPv4: 1, IPv6: 1, Min Delay: 10191 ms, Max Speed: 0.01 M/s, Avg Speed: 0.01 M/s, Max Resolution: None
Category: 体育频道, Name: 江苏体育, Total: 1, Valid: 1, Valid Percent: 100.00%, IPv4: 1, IPv6: 0, Min Delay: 84 ms, Max Speed: 12.21 M/s, Avg Speed: 12.21 M/s, Max Resolution: 1920x1080
Category: 体育频道, Name: 天津体育, Total: 1, Valid: 1, Valid Percent: 100.00%, IPv4: 1, IPv6: 0, Min Delay: 694 ms, Max Speed: 0.30 M/s, Avg Speed: 0.30 M/s, Max Resolution: 1920x1080
Category: 体育频道, Name: 山东体育, Total: 26, Valid: 9, Valid Percent: 34.62%, IPv4: 24, IPv6: 2, Min Delay: 79 ms, Max Speed: 1.37 M/s, Avg Speed: 0.31 M/s, Max Resolution: None
Category: 体育频道, Name: 安徽综艺体育, Total: 5, Valid: 1, Valid Percent: 20.00%, IPv4: 2, IPv6: 3, Min Delay: 10110 ms, Max Speed: 0.14 M/s, Avg Speed: 0.14 M/s, Max Resolution: 1920x1080
Category: 体育频道, Name: 睛彩广场舞, Total: 11, Valid: 1, Valid Percent: 9.09%, IPv4: 4, IPv6: 7, Min Delay: 84 ms, Max Speed: 12.76 M/s, Avg Speed: 12.76 M/s, Max Resolution: 1920x1080
Category: 体育频道, Name: 足球频道, Total: 1, Valid: 0, Valid Percent: 0.00%, IPv4: 1, IPv6: 0, Min Delay: -1 ms, Max Speed: 0.00 M/s, Avg Speed: 0.00 M/s, Max Resolution: None
Category: 体育频道, Name: 睛彩篮球, Total: 26, Valid: 1, Valid Percent: 3.85%, IPv4: 24, IPv6: 2, Min Delay: 415 ms, Max Speed: 0.32 M/s, Avg Speed: 0.32 M/s, Max Resolution: 0x0
Category: 体育频道, Name: 睛彩羽毛球, Total: 6, Valid: 1, Valid Percent: 16.67%, IPv4: 6, IPv6: 0, Min Delay: 415 ms, Max Speed: 0.32 M/s, Avg Speed: 0.32 M/s, Max Resolution: 1920x1080
Category: 体育频道, Name: 魅力足球, Total: 20, Valid: 1, Valid Percent: 5.00%, IPv4: 18, IPv6: 2, Min Delay: 10762 ms, Max Speed: 0.01 M/s, Avg Speed: 0.01 M/s, Max Resolution: None
Category: 体育频道, Name: 天元围棋, Total: 4, Valid: 0, Valid Percent: 0.00%, IPv4: 3, IPv6: 1, Min Delay: -1 ms, Max Speed: 0.00 M/s, Avg Speed: 0.00 M/s, Max Resolution: None
Category: 动画频道, Name: 少儿动画, Total: 1, Valid: 0, Valid Percent: 0.00%, IPv4: 1, IPv6: 0, Min Delay: -1 ms, Max Speed: 0.00 M/s, Avg Speed: 0.00 M/s, Max Resolution: None
Category: 体育频道, Name: JJ斗地主, Total: 3, Valid: 1, Valid Percent: 33.33%, IPv4: 2, IPv6: 1, Min Delay: 6820 ms, Max Speed: 0.14 M/s, Avg Speed: 0.14 M/s, Max Resolution: 1920x1080
Category: 体育频道, Name: 快乐垂钓, Total: 37, Valid: 1, Valid Percent: 2.70%, IPv4: 33, IPv6: 4, Min Delay: 434 ms, Max Speed: 0.43 M/s, Avg Speed: 0.43 M/s, Max Resolution: 1920x1080
Category: 动画频道, Name: 新动漫, Total: 6, Valid: 0, Valid Percent: 0.00%, IPv4: 2, IPv6: 4, Min Delay: -1 ms, Max Speed: 0.00 M/s, Avg Speed: 0.00 M/s, Max Resolution: None
Category: 动画频道, Name: 青春动漫, Total: 3, Valid: 0, Valid Percent: 0.00%, IPv4: 1, IPv6: 2, Min Delay: -1 ms, Max Speed: 0.00 M/s, Avg Speed: 0.00 M/s, Max Resolution: None
Category: 动画频道, Name: 宝宝动画, Total: 3, Valid: 0, Valid Percent: 0.00%, IPv4: 1, IPv6: 2, Min Delay: -1 ms, Max Speed: 0.00 M/s, Avg Speed: 0.00 M/s, Max Resolution: None
Category: 动画频道, Name: 动漫秀场, Total: 30, Valid: 1, Valid Percent: 3.33%, IPv4: 21, IPv6: 9, Min Delay: 2385 ms, Max Speed: 0.07 M/s, Avg Speed: 0.07 M/s, Max Resolution: None
Category: 动画频道, Name: 爱动漫, Total: 11, Valid: 0, Valid Percent: 0.00%, IPv4: 2, IPv6: 9, Min Delay: -1 ms, Max Speed: 0.00 M/s, Avg Speed: 0.00 M/s, Max Resolution: None
Category: 动画频道, Name: CN卡通, Total: 4, Valid: 1, Valid Percent: 25.00%, IPv4: 3, IPv6: 1, Min Delay: 53 ms, Max Speed: 5.80 M/s, Avg Speed: 5.80 M/s, Max Resolution: 1920x1080
Category: 动画频道, Name: 优漫卡通, Total: 31, Valid: 0, Valid Percent: 0.00%, IPv4: 21, IPv6: 10, Min Delay: -1 ms, Max Speed: 0.00 M/s, Avg Speed: 0.00 M/s, Max Resolution: None
Category: 动画频道, Name: 海绵宝宝, Total: 1, Valid: 1, Valid Percent: 100.00%, IPv4: 0, IPv6: 1, Min Delay: 65 ms, Max Speed: 7.05 M/s, Avg Speed: 7.05 M/s, Max Resolution: 1920x1080
Category: 动画频道, Name: 火影忍者, Total: 1, Valid: 0, Valid Percent: 0.00%, IPv4: 0, IPv6: 1, Min Delay: -1 ms, Max Speed: 0.00 M/s, Avg Speed: 0.00 M/s, Max Resolution: None
Category: 动画频道, Name: 猫和老鼠, Total: 7, Valid: 0, Valid Percent: 0.00%, IPv4: 5, IPv6: 2, Min Delay: -1 ms, Max Speed: 0.00 M/s, Avg Speed: 0.00 M/s, Max Resolution: None
Category: 动画频道, Name: 蜡笔小新, Total: 2, Valid: 1, Valid Percent: 50.00%, IPv4: 2, IPv6: 0, Min Delay: 63 ms, Max Speed: 6.79 M/s, Avg Speed: 6.79 M/s, Max Resolution: 1920x1080
Category: 动画频道, Name: 金鹰卡通, Total: 65, Valid: 1, Valid Percent: 1.54%, IPv4: 60, IPv6: 5, Min Delay: 2396 ms, Max Speed: 0.07 M/s, Avg Speed: 0.07 M/s, Max Resolution: None
Category: 记录频道, Name: 中国党员教育, Total: 1, Valid: 0, Valid Percent: 0.00%, IPv4: 0, IPv6: 1, Min Delay: -1 ms, Max Speed: 0.00 M/s, Avg Speed: 0.00 M/s, Max Resolution: None
Category: 记录频道, Name: 航拍中国第二季, Total: 1, Valid: 1, Valid Percent: 100.00%, IPv4: 0, IPv6: 1, Min Delay: 2007 ms, Max Speed: 0.75 M/s, Avg Speed: 0.75 M/s, Max Resolution: 1920x1080
Category: 游戏频道, Name: 电竞天堂, Total: 3, Valid: 0, Valid Percent: 0.00%, IPv4: 1, IPv6: 2, Min Delay: -1 ms, Max Speed: 0.00 M/s, Avg Speed: 0.00 M/s, Max Resolution: None
Category: 游戏频道, Name: 爱电竞, Total: 1, Valid: 0, Valid Percent: 0.00%, IPv4: 0, IPv6: 1, Min Delay: -1 ms, Max Speed: 0.00 M/s, Avg Speed: 0.00 M/s, Max Resolution: None
Category: 春晚频道, Name: 1993年春晚, Total: 1, Valid: 0, Valid Percent: 0.00%, IPv4: 1, IPv6: 0, Min Delay: -1 ms, Max Speed: 0.00 M/s, Avg Speed: 0.00 M/s, Max Resolution: None
Category: 春晚频道, Name: 1995年春晚, Total: 1, Valid: 0, Valid Percent: 0.00%, IPv4: 1, IPv6: 0, Min Delay: -1 ms, Max Speed: 0.00 M/s, Avg Speed: 0.00 M/s, Max Resolution: None
Category: 春晚频道, Name: 1994年春晚, Total: 1, Valid: 0, Valid Percent: 0.00%, IPv4: 1, IPv6: 0, Min Delay: -1 ms, Max Speed: 0.00 M/s, Avg Speed: 0.00 M/s, Max Resolution: None
Category: 春晚频道, Name: 1992年春晚, Total: 1, Valid: 0, Valid Percent: 0.00%, IPv4: 1, IPv6: 0, Min Delay: -1 ms, Max Speed: 0.00 M/s, Avg Speed: 0.00 M/s, Max Resolution: None
Category: 春晚频道, Name: 1996年春晚, Total: 1, Valid: 0, Valid Percent: 0.00%, IPv4: 1, IPv6: 0, Min Delay: -1 ms, Max Speed: 0.00 M/s, Avg Speed: 0.00 M/s, Max Resolution: None
Category: 春晚频道, Name: 1997年春晚, Total: 1, Valid: 0, Valid Percent: 0.00%, IPv4: 1, IPv6: 0, Min Delay: -1 ms, Max Speed: 0.00 M/s, Avg Speed: 0.00 M/s, Max Resolution: None
Category: 春晚频道, Name: 1998年春晚, Total: 1, Valid: 0, Valid Percent: 0.00%, IPv4: 1, IPv6: 0, Min Delay: -1 ms, Max Speed: 0.00 M/s, Avg Speed: 0.00 M/s, Max Resolution: None
Category: 春晚频道, Name: 1999年春晚, Total: 1, Valid: 0, Valid Percent: 0.00%, IPv4: 1, IPv6: 0, Min Delay: -1 ms, Max Speed: 0.00 M/s, Avg Speed: 0.00 M/s, Max Resolution: None
Category: 春晚频道, Name: 2000年春晚, Total: 1, Valid: 0, Valid Percent: 0.00%, IPv4: 1, IPv6: 0, Min Delay: -1 ms, Max Speed: 0.00 M/s, Avg Speed: 0.00 M/s, Max Resolution: None
Category: 春晚频道, Name: 2001年春晚, Total: 1, Valid: 0, Valid Percent: 0.00%, IPv4: 1, IPv6: 0, Min Delay: -1 ms, Max Speed: 0.00 M/s, Avg Speed: 0.00 M/s, Max Resolution: None
Category: 春晚频道, Name: 2003年春晚, Total: 1, Valid: 0, Valid Percent: 0.00%, IPv4: 1, IPv6: 0, Min Delay: -1 ms, Max Speed: 0.00 M/s, Avg Speed: 0.00 M/s, Max Resolution: None
Category: 春晚频道, Name: 2004年春晚, Total: 1, Valid: 0, Valid Percent: 0.00%, IPv4: 1, IPv6: 0, Min Delay: -1 ms, Max Speed: 0.00 M/s, Avg Speed: 0.00 M/s, Max Resolution: None
Category: 春晚频道, Name: 2002年春晚, Total: 1, Valid: 0, Valid Percent: 0.00%, IPv4: 1, IPv6: 0, Min Delay: -1 ms, Max Speed: 0.00 M/s, Avg Speed: 0.00 M/s, Max Resolution: None
Category: 春晚频道, Name: 2005年春晚, Total: 1, Valid: 0, Valid Percent: 0.00%, IPv4: 1, IPv6: 0, Min Delay: -1 ms, Max Speed: 0.00 M/s, Avg Speed: 0.00 M/s, Max Resolution: None
Category: 春晚频道, Name: 2006年春晚, Total: 1, Valid: 0, Valid Percent: 0.00%, IPv4: 1, IPv6: 0, Min Delay: -1 ms, Max Speed: 0.00 M/s, Avg Speed: 0.00 M/s, Max Resolution: None
Category: 春晚频道, Name: 2007年春晚, Total: 1, Valid: 0, Valid Percent: 0.00%, IPv4: 1, IPv6: 0, Min Delay: -1 ms, Max Speed: 0.00 M/s, Avg Speed: 0.00 M/s, Max Resolution: None
Category: 春晚频道, Name: 2008年春晚, Total: 1, Valid: 0, Valid Percent: 0.00%, IPv4: 1, IPv6: 0, Min Delay: -1 ms, Max Speed: 0.00 M/s, Avg Speed: 0.00 M/s, Max Resolution: None
Category: 春晚频道, Name: 2009年春晚, Total: 1, Valid: 0, Valid Percent: 0.00%, IPv4: 1, IPv6: 0, Min Delay: -1 ms, Max Speed: 0.00 M/s, Avg Speed: 0.00 M/s, Max Resolution: None
Category: 动画频道, Name: 七龙珠, Total: 4, Valid: 0, Valid Percent: 0.00%, IPv4: 3, IPv6: 1, Min Delay: -1 ms, Max Speed: 0.00 M/s, Avg Speed: 0.00 M/s, Max Resolution: None
Category: 动画频道, Name: 浙江少儿, Total: 10, Valid: 5, Valid Percent: 50.00%, IPv4: 10, IPv6: 0, Min Delay: 1007 ms, Max Speed: 0.58 M/s, Avg Speed: 0.49 M/s, Max Resolution: 1920x1080
Category: 春晚频道, Name: 2010年春晚, Total: 1, Valid: 0, Valid Percent: 0.00%, IPv4: 1, IPv6: 0, Min Delay: -1 ms, Max Speed: 0.00 M/s, Avg Speed: 0.00 M/s, Max Resolution: None
Category: 春晚频道, Name: 2011年春晚, Total: 1, Valid: 0, Valid Percent: 0.00%, IPv4: 1, IPv6: 0, Min Delay: -1 ms, Max Speed: 0.00 M/s, Avg Speed: 0.00 M/s, Max Resolution: None
Category: 春晚频道, Name: 2013年春晚, Total: 1, Valid: 0, Valid Percent: 0.00%, IPv4: 1, IPv6: 0, Min Delay: -1 ms, Max Speed: 0.00 M/s, Avg Speed: 0.00 M/s, Max Resolution: None
Category: 春晚频道, Name: 2012年春晚, Total: 1, Valid: 0, Valid Percent: 0.00%, IPv4: 1, IPv6: 0, Min Delay: -1 ms, Max Speed: 0.00 M/s, Avg Speed: 0.00 M/s, Max Resolution: None
Category: 春晚频道, Name: 2014年春晚, Total: 1, Valid: 0, Valid Percent: 0.00%, IPv4: 1, IPv6: 0, Min Delay: -1 ms, Max Speed: 0.00 M/s, Avg Speed: 0.00 M/s, Max Resolution: None
Category: 春晚频道, Name: 2015年春晚, Total: 1, Valid: 0, Valid Percent: 0.00%, IPv4: 1, IPv6: 0, Min Delay: -1 ms, Max Speed: 0.00 M/s, Avg Speed: 0.00 M/s, Max Resolution: None
Category: 春晚频道, Name: 2016年春晚, Total: 1, Valid: 0, Valid Percent: 0.00%, IPv4: 1, IPv6: 0, Min Delay: -1 ms, Max Speed: 0.00 M/s, Avg Speed: 0.00 M/s, Max Resolution: None
Category: 春晚频道, Name: 2018年春晚, Total: 1, Valid: 0, Valid Percent: 0.00%, IPv4: 1, IPv6: 0, Min Delay: -1 ms, Max Speed: 0.00 M/s, Avg Speed: 0.00 M/s, Max Resolution: None
Category: 春晚频道, Name: 2017年春晚, Total: 1, Valid: 0, Valid Percent: 0.00%, IPv4: 1, IPv6: 0, Min Delay: -1 ms, Max Speed: 0.00 M/s, Avg Speed: 0.00 M/s, Max Resolution: None
Category: 春晚频道, Name: 2022年春晚, Total: 1, Valid: 0, Valid Percent: 0.00%, IPv4: 1, IPv6: 0, Min Delay: -1 ms, Max Speed: 0.00 M/s, Avg Speed: 0.00 M/s, Max Resolution: None
Category: 春晚频道, Name: 2020年春晚, Total: 1, Valid: 0, Valid Percent: 0.00%, IPv4: 1, IPv6: 0, Min Delay: -1 ms, Max Speed: 0.00 M/s, Avg Speed: 0.00 M/s, Max Resolution: None
Category: 动画频道, Name: 中华小当家, Total: 6, Valid: 0, Valid Percent: 0.00%, IPv4: 4, IPv6: 2, Min Delay: -1 ms, Max Speed: 0.00 M/s, Avg Speed: 0.00 M/s, Max Resolution: None
Category: 春晚频道, Name: 2019年春晚, Total: 1, Valid: 0, Valid Percent: 0.00%, IPv4: 1, IPv6: 0, Min Delay: -1 ms, Max Speed: 0.00 M/s, Avg Speed: 0.00 M/s, Max Resolution: None
Category: 春晚频道, Name: 2021年春晚, Total: 1, Valid: 0, Valid Percent: 0.00%, IPv4: 1, IPv6: 0, Min Delay: -1 ms, Max Speed: 0.00 M/s, Avg Speed: 0.00 M/s, Max Resolution: None
Category: 动画频道, Name: 漫画解说, Total: 2, Valid: 2, Valid Percent: 100.00%, IPv4: 0, IPv6: 2, Min Delay: 65 ms, Max Speed: 6.99 M/s, Avg Speed: 3.50 M/s, Max Resolution: 1920x1080
Category: 春晚频道, Name: 2023年春晚, Total: 1, Valid: 0, Valid Percent: 0.00%, IPv4: 1, IPv6: 0, Min Delay: -1 ms, Max Speed: 0.00 M/s, Avg Speed: 0.00 M/s, Max Resolution: None
Category: 音乐频道, Name: 音乐广播, Total: 10, Valid: 0, Valid Percent: 0.00%, IPv4: 0, IPv6: 10, Min Delay: -1 ms, Max Speed: 0.00 M/s, Avg Speed: 0.00 M/s, Max Resolution: None
Category: 春晚频道, Name: 2025年春晚, Total: 2, Valid: 0, Valid Percent: 0.00%, IPv4: 2, IPv6: 0, Min Delay: -1 ms, Max Speed: 0.00 M/s, Avg Speed: 0.00 M/s, Max Resolution: None
Category: 音乐频道, Name: 音乐现场, Total: 2, Valid: 2, Valid Percent: 100.00%, IPv4: 2, IPv6: 0, Min Delay: 55 ms, Max Speed: 1.60 M/s, Avg Speed: 1.37 M/s, Max Resolution: None
Category: 动画频道, Name: 灌篮高手, Total: 2, Valid: 1, Valid Percent: 50.00%, IPv4: 2, IPv6: 0, Min Delay: 1023 ms, Max Speed: 0.07 M/s, Avg Speed: 0.07 M/s, Max Resolution: 960x720
Category: 游戏频道, Name: 游戏风云, Total: 9, Valid: 0, Valid Percent: 0.00%, IPv4: 7, IPv6: 2, Min Delay: -1 ms, Max Speed: 0.00 M/s, Avg Speed: 0.00 M/s, Max Resolution: None
Category: 记录频道, Name: 地理中国, Total: 1, Valid: 1, Valid Percent: 100.00%, IPv4: 0, IPv6: 1, Min Delay: 10972 ms, Max Speed: 0.00 M/s, Avg Speed: 0.00 M/s, Max Resolution: None
Category: 音乐频道, Name: 潮流音乐, Total: 1, Valid: 1, Valid Percent: 100.00%, IPv4: 1, IPv6: 0, Min Delay: 10776 ms, Max Speed: 0.01 M/s, Avg Speed: 0.01 M/s, Max Resolution: None
Category: 经典剧场, Name: 笑傲江湖, Total: 6, Valid: 0, Valid Percent: 0.00%, IPv4: 5, IPv6: 1, Min Delay: -1 ms, Max Speed: 0.00 M/s, Avg Speed: 0.00 M/s, Max Resolution: None
Category: 经典剧场, Name: 天龙八部, Total: 4, Valid: 0, Valid Percent: 0.00%, IPv4: 4, IPv6: 0, Min Delay: -1 ms, Max Speed: 0.00 M/s, Avg Speed: 0.00 M/s, Max Resolution: None
Category: 经典剧场, Name: 鹿鼎记, Total: 2, Valid: 0, Valid Percent: 0.00%, IPv4: 2, IPv6: 0, Min Delay: -1 ms, Max Speed: 0.00 M/s, Avg Speed: 0.00 M/s, Max Resolution: None
Category: 经典剧场, Name: 仙剑奇侠传, Total: 3, Valid: 1, Valid Percent: 33.33%, IPv4: 3, IPv6: 0, Min Delay: 1069 ms, Max Speed: 0.07 M/s, Avg Speed: 0.07 M/s, Max Resolution: 1920x1080
Category: 经典剧场, Name: 闯关东, Total: 1, Valid: 1, Valid Percent: 100.00%, IPv4: 1, IPv6: 0, Min Delay: 54 ms, Max Speed: 1.48 M/s, Avg Speed: 1.48 M/s, Max Resolution: None
Category: 经典剧场, Name: 水浒传, Total: 2, Valid: 1, Valid Percent: 50.00%, IPv4: 1, IPv6: 1, Min Delay: 235 ms, Max Speed: 16.93 M/s, Avg Speed: 16.93 M/s, Max Resolution: 1920x1080
Category: 经典剧场, Name: 西游记, Total: 5, Valid: 0, Valid Percent: 0.00%, IPv4: 2, IPv6: 3, Min Delay: -1 ms, Max Speed: 0.00 M/s, Avg Speed: 0.00 M/s, Max Resolution: None
Category: 经典剧场, Name: 三国演义, Total: 4, Valid: 0, Valid Percent: 0.00%, IPv4: 3, IPv6: 1, Min Delay: -1 ms, Max Speed: 0.00 M/s, Avg Speed: 0.00 M/s, Max Resolution: None
Category: 经典剧场, Name: 新白娘子传奇, Total: 2, Valid: 0, Valid Percent: 0.00%, IPv4: 2, IPv6: 0, Min Delay: -1 ms, Max Speed: 0.00 M/s, Avg Speed: 0.00 M/s, Max Resolution: None
Category: 经典剧场, Name: 济公游记, Total: 1, Valid: 0, Valid Percent: 0.00%, IPv4: 1, IPv6: 0, Min Delay: -1 ms, Max Speed: 0.00 M/s, Avg Speed: 0.00 M/s, Max Resolution: None
Category: 经典剧场, Name: 封神榜, Total: 3, Valid: 0, Valid Percent: 0.00%, IPv4: 3, IPv6: 0, Min Delay: -1 ms, Max Speed: 0.00 M/s, Avg Speed: 0.00 M/s, Max Resolution: None
Category: 经典剧场, Name: 上海滩, Total: 1, Valid: 0, Valid Percent: 0.00%, IPv4: 1, IPv6: 0, Min Delay: -1 ms, Max Speed: 0.00 M/s, Avg Speed: 0.00 M/s, Max Resolution: None
Category: 日本频道, Name: NHK総合 (東京), Total: 1, Valid: 0, Valid Percent: 0.00%, IPv4: 1, IPv6: 0, Min Delay: -1 ms, Max Speed: 0.00 M/s, Avg Speed: 0.00 M/s, Max Resolution: None
Category: 日本频道, Name: NHK Eテレ（東京）, Total: 1, Valid: 0, Valid Percent: 0.00%, IPv4: 1, IPv6: 0, Min Delay: -1 ms, Max Speed: 0.00 M/s, Avg Speed: 0.00 M/s, Max Resolution: None
Category: 日本频道, Name: 日本テレビ, Total: 2, Valid: 0, Valid Percent: 0.00%, IPv4: 2, IPv6: 0, Min Delay: -1 ms, Max Speed: 0.00 M/s, Avg Speed: 0.00 M/s, Max Resolution: None
Category: 日本频道, Name: テレビ朝日, Total: 1, Valid: 0, Valid Percent: 0.00%, IPv4: 1, IPv6: 0, Min Delay: -1 ms, Max Speed: 0.00 M/s, Avg Speed: 0.00 M/s, Max Resolution: None
Category: 日本频道, Name: TBSテレビ, Total: 1, Valid: 0, Valid Percent: 0.00%, IPv4: 1, IPv6: 0, Min Delay: -1 ms, Max Speed: 0.00 M/s, Avg Speed: 0.00 M/s, Max Resolution: None
Category: 经典剧场, Name: 射雕英雄传, Total: 3, Valid: 0, Valid Percent: 0.00%, IPv4: 3, IPv6: 0, Min Delay: -1 ms, Max Speed: 0.00 M/s, Avg Speed: 0.00 M/s, Max Resolution: None
Category: 日本频道, Name: テレビ東京, Total: 1, Valid: 0, Valid Percent: 0.00%, IPv4: 1, IPv6: 0, Min Delay: -1 ms, Max Speed: 0.00 M/s, Avg Speed: 0.00 M/s, Max Resolution: None
Category: 日本频道, Name: フジテレビ, Total: 1, Valid: 0, Valid Percent: 0.00%, IPv4: 1, IPv6: 0, Min Delay: -1 ms, Max Speed: 0.00 M/s, Avg Speed: 0.00 M/s, Max Resolution: None
Category: 日本频道, Name: NHK BS, Total: 1, Valid: 0, Valid Percent: 0.00%, IPv4: 1, IPv6: 0, Min Delay: -1 ms, Max Speed: 0.00 M/s, Avg Speed: 0.00 M/s, Max Resolution: None
Category: 日本频道, Name: NHK BSP4K, Total: 1, Valid: 0, Valid Percent: 0.00%, IPv4: 1, IPv6: 0, Min Delay: -1 ms, Max Speed: 0.00 M/s, Avg Speed: 0.00 M/s, Max Resolution: None
Category: 日本频道, Name: BS日テレ, Total: 1, Valid: 0, Valid Percent: 0.00%, IPv4: 1, IPv6: 0, Min Delay: -1 ms, Max Speed: 0.00 M/s, Avg Speed: 0.00 M/s, Max Resolution: None
Category: 日本频道, Name: BS朝日, Total: 1, Valid: 0, Valid Percent: 0.00%, IPv4: 1, IPv6: 0, Min Delay: -1 ms, Max Speed: 0.00 M/s, Avg Speed: 0.00 M/s, Max Resolution: None
Category: 日本频道, Name: BS-TBS, Total: 1, Valid: 0, Valid Percent: 0.00%, IPv4: 1, IPv6: 0, Min Delay: -1 ms, Max Speed: 0.00 M/s, Avg Speed: 0.00 M/s, Max Resolution: None
Category: 日本频道, Name: BSテレ東, Total: 1, Valid: 0, Valid Percent: 0.00%, IPv4: 1, IPv6: 0, Min Delay: -1 ms, Max Speed: 0.00 M/s, Avg Speed: 0.00 M/s, Max Resolution: None
Category: 日本频道, Name: BSフジ, Total: 1, Valid: 0, Valid Percent: 0.00%, IPv4: 1, IPv6: 0, Min Delay: -1 ms, Max Speed: 0.00 M/s, Avg Speed: 0.00 M/s, Max Resolution: None
Category: 日本频道, Name: WOWOWプライム, Total: 1, Valid: 0, Valid Percent: 0.00%, IPv4: 1, IPv6: 0, Min Delay: -1 ms, Max Speed: 0.00 M/s, Avg Speed: 0.00 M/s, Max Resolution: None
Category: 日本频道, Name: WOWOWシネマ, Total: 1, Valid: 0, Valid Percent: 0.00%, IPv4: 1, IPv6: 0, Min Delay: -1 ms, Max Speed: 0.00 M/s, Avg Speed: 0.00 M/s, Max Resolution: None
Category: 日本频道, Name: WOWOWライブ, Total: 1, Valid: 0, Valid Percent: 0.00%, IPv4: 1, IPv6: 0, Min Delay: -1 ms, Max Speed: 0.00 M/s, Avg Speed: 0.00 M/s, Max Resolution: None
Category: 日本频道, Name: BS10, Total: 1, Valid: 0, Valid Percent: 0.00%, IPv4: 1, IPv6: 0, Min Delay: -1 ms, Max Speed: 0.00 M/s, Avg Speed: 0.00 M/s, Max Resolution: None
Category: 日本频道, Name: BS10スターチャンネル, Total: 1, Valid: 0, Valid Percent: 0.00%, IPv4: 1, IPv6: 0, Min Delay: -1 ms, Max Speed: 0.00 M/s, Avg Speed: 0.00 M/s, Max Resolution: None
Category: 日本频道, Name: アニマックス, Total: 1, Valid: 0, Valid Percent: 0.00%, IPv4: 1, IPv6: 0, Min Delay: -1 ms, Max Speed: 0.00 M/s, Avg Speed: 0.00 M/s, Max Resolution: None
Category: 日本频道, Name: J SPORTS 1, Total: 1, Valid: 0, Valid Percent: 0.00%, IPv4: 1, IPv6: 0, Min Delay: -1 ms, Max Speed: 0.00 M/s, Avg Speed: 0.00 M/s, Max Resolution: None
Category: 日本频道, Name: J SPORTS 3, Total: 1, Valid: 0, Valid Percent: 0.00%, IPv4: 1, IPv6: 0, Min Delay: -1 ms, Max Speed: 0.00 M/s, Avg Speed: 0.00 M/s, Max Resolution: None
Category: 日本频道, Name: J SPORTS 2, Total: 1, Valid: 0, Valid Percent: 0.00%, IPv4: 1, IPv6: 0, Min Delay: -1 ms, Max Speed: 0.00 M/s, Avg Speed: 0.00 M/s, Max Resolution: None
Category: 日本频道, Name: J SPORTS 4, Total: 1, Valid: 0, Valid Percent: 0.00%, IPv4: 1, IPv6: 0, Min Delay: -1 ms, Max Speed: 0.00 M/s, Avg Speed: 0.00 M/s, Max Resolution: None
Category: 日本频道, Name: 釣りビジョン, Total: 1, Valid: 0, Valid Percent: 0.00%, IPv4: 1, IPv6: 0, Min Delay: -1 ms, Max Speed: 0.00 M/s, Avg Speed: 0.00 M/s, Max Resolution: None
Category: 日本频道, Name: 東映チャンネル, Total: 1, Valid: 0, Valid Percent: 0.00%, IPv4: 1, IPv6: 0, Min Delay: -1 ms, Max Speed: 0.00 M/s, Avg Speed: 0.00 M/s, Max Resolution: None
Category: 日本频道, Name: 日本映画専門チャンネル, Total: 1, Valid: 0, Valid Percent: 0.00%, IPv4: 1, IPv6: 0, Min Delay: -1 ms, Max Speed: 0.00 M/s, Avg Speed: 0.00 M/s, Max Resolution: None
Category: 日本频道, Name: チャンネルNECO, Total: 1, Valid: 0, Valid Percent: 0.00%, IPv4: 1, IPv6: 0, Min Delay: -1 ms, Max Speed: 0.00 M/s, Avg Speed: 0.00 M/s, Max Resolution: None
Category: 日本频道, Name: ムービープラス, Total: 1, Valid: 0, Valid Percent: 0.00%, IPv4: 1, IPv6: 0, Min Delay: -1 ms, Max Speed: 0.00 M/s, Avg Speed: 0.00 M/s, Max Resolution: None
Category: 日本频道, Name: GAORA, Total: 1, Valid: 0, Valid Percent: 0.00%, IPv4: 1, IPv6: 0, Min Delay: -1 ms, Max Speed: 0.00 M/s, Avg Speed: 0.00 M/s, Max Resolution: None
Category: 日本频道, Name: 日テレジータス, Total: 1, Valid: 0, Valid Percent: 0.00%, IPv4: 1, IPv6: 0, Min Delay: -1 ms, Max Speed: 0.00 M/s, Avg Speed: 0.00 M/s, Max Resolution: None
Category: 日本频道, Name: ゴルフネットワーク, Total: 1, Valid: 0, Valid Percent: 0.00%, IPv4: 1, IPv6: 0, Min Delay: -1 ms, Max Speed: 0.00 M/s, Avg Speed: 0.00 M/s, Max Resolution: None
Category: 日本频道, Name: ファミリー劇場, Total: 1, Valid: 0, Valid Percent: 0.00%, IPv4: 1, IPv6: 0, Min Delay: -1 ms, Max Speed: 0.00 M/s, Avg Speed: 0.00 M/s, Max Resolution: None
Category: 日本频道, Name: 時代劇専門チャンネル, Total: 1, Valid: 0, Valid Percent: 0.00%, IPv4: 1, IPv6: 0, Min Delay: -1 ms, Max Speed: 0.00 M/s, Avg Speed: 0.00 M/s, Max Resolution: None
Category: 日本频道, Name: ホームドラマチャンネル, Total: 1, Valid: 0, Valid Percent: 0.00%, IPv4: 1, IPv6: 0, Min Delay: -1 ms, Max Speed: 0.00 M/s, Avg Speed: 0.00 M/s, Max Resolution: None
Category: 日本频道, Name: スーパー！ドラマTV, Total: 1, Valid: 0, Valid Percent: 0.00%, IPv4: 1, IPv6: 0, Min Delay: -1 ms, Max Speed: 0.00 M/s, Avg Speed: 0.00 M/s, Max Resolution: None
Category: 日本频道, Name: チャンネル銀河, Total: 1, Valid: 0, Valid Percent: 0.00%, IPv4: 1, IPv6: 0, Min Delay: -1 ms, Max Speed: 0.00 M/s, Avg Speed: 0.00 M/s, Max Resolution: None
Category: 日本频道, Name: アクションチャンネル, Total: 1, Valid: 0, Valid Percent: 0.00%, IPv4: 1, IPv6: 0, Min Delay: -1 ms, Max Speed: 0.00 M/s, Avg Speed: 0.00 M/s, Max Resolution: None
Category: 日本频道, Name: Mnet, Total: 1, Valid: 0, Valid Percent: 0.00%, IPv4: 1, IPv6: 0, Min Delay: -1 ms, Max Speed: 0.00 M/s, Avg Speed: 0.00 M/s, Max Resolution: None
Category: 日本频道, Name: GSTV, Total: 1, Valid: 0, Valid Percent: 0.00%, IPv4: 1, IPv6: 0, Min Delay: -1 ms, Max Speed: 0.00 M/s, Avg Speed: 0.00 M/s, Max Resolution: None
Category: 韩国频道, Name: KBS 2TV, Total: 1, Valid: 0, Valid Percent: 0.00%, IPv4: 1, IPv6: 0, Min Delay: -1 ms, Max Speed: 0.00 M/s, Avg Speed: 0.00 M/s, Max Resolution: None
Category: 日本频道, Name: NHK WORLD JAPAN, Total: 1, Valid: 0, Valid Percent: 0.00%, IPv4: 0, IPv6: 1, Min Delay: -1 ms, Max Speed: 0.00 M/s, Avg Speed: 0.00 M/s, Max Resolution: None
Category: 韩国频道, Name: KBS News D, Total: 1, Valid: 0, Valid Percent: 0.00%, IPv4: 1, IPv6: 0, Min Delay: -1 ms, Max Speed: 0.00 M/s, Avg Speed: 0.00 M/s, Max Resolution: None
Category: 日本频道, Name: Dlife, Total: 1, Valid: 0, Valid Percent: 0.00%, IPv4: 1, IPv6: 0, Min Delay: -1 ms, Max Speed: 0.00 M/s, Avg Speed: 0.00 M/s, Max Resolution: None
Category: 韩国频道, Name: SBS TV, Total: 1, Valid: 0, Valid Percent: 0.00%, IPv4: 0, IPv6: 1, Min Delay: -1 ms, Max Speed: 0.00 M/s, Avg Speed: 0.00 M/s, Max Resolution: None
Category: 韩国频道, Name: MBC TV, Total: 1, Valid: 0, Valid Percent: 0.00%, IPv4: 1, IPv6: 0, Min Delay: -1 ms, Max Speed: 0.00 M/s, Avg Speed: 0.00 M/s, Max Resolution: None
Category: 日本频道, Name: LaLa TV, Total: 1, Valid: 0, Valid Percent: 0.00%, IPv4: 1, IPv6: 0, Min Delay: -1 ms, Max Speed: 0.00 M/s, Avg Speed: 0.00 M/s, Max Resolution: None
Category: 日本频道, Name: Music ON TV!（エムオン）, Total: 1, Valid: 0, Valid Percent: 0.00%, IPv4: 1, IPv6: 0, Min Delay: -1 ms, Max Speed: 0.00 M/s, Avg Speed: 0.00 M/s, Max Resolution: None
Category: 日本频道, Name: 歌謡ポップスチャンネル, Total: 1, Valid: 0, Valid Percent: 0.00%, IPv4: 1, IPv6: 0, Min Delay: -1 ms, Max Speed: 0.00 M/s, Avg Speed: 0.00 M/s, Max Resolution: None
Category: 韩国频道, Name: OBS TV, Total: 1, Valid: 0, Valid Percent: 0.00%, IPv4: 0, IPv6: 1, Min Delay: -1 ms, Max Speed: 0.00 M/s, Avg Speed: 0.00 M/s, Max Resolution: None
Category: 日本频道, Name: キッズステーション, Total: 1, Valid: 0, Valid Percent: 0.00%, IPv4: 1, IPv6: 0, Min Delay: -1 ms, Max Speed: 0.00 M/s, Avg Speed: 0.00 M/s, Max Resolution: None
Category: 韩国频道, Name: KBS Drama, Total: 1, Valid: 0, Valid Percent: 0.00%, IPv4: 1, IPv6: 0, Min Delay: -1 ms, Max Speed: 0.00 M/s, Avg Speed: 0.00 M/s, Max Resolution: None
Category: 韩国频道, Name: KBS Joy, Total: 1, Valid: 0, Valid Percent: 0.00%, IPv4: 1, IPv6: 0, Min Delay: -1 ms, Max Speed: 0.00 M/s, Avg Speed: 0.00 M/s, Max Resolution: None
Category: 韩国频道, Name: KBS Kids, Total: 1, Valid: 0, Valid Percent: 0.00%, IPv4: 1, IPv6: 0, Min Delay: -1 ms, Max Speed: 0.00 M/s, Avg Speed: 0.00 M/s, Max Resolution: None
Category: 韩国频道, Name: KBS Life, Total: 1, Valid: 0, Valid Percent: 0.00%, IPv4: 1, IPv6: 0, Min Delay: -1 ms, Max Speed: 0.00 M/s, Avg Speed: 0.00 M/s, Max Resolution: None
Category: 韩国频道, Name: KBS Story, Total: 1, Valid: 0, Valid Percent: 0.00%, IPv4: 1, IPv6: 0, Min Delay: -1 ms, Max Speed: 0.00 M/s, Avg Speed: 0.00 M/s, Max Resolution: None
Category: 韩国频道, Name: KBS World, Total: 2, Valid: 0, Valid Percent: 0.00%, IPv4: 2, IPv6: 0, Min Delay: -1 ms, Max Speed: 0.00 M/s, Avg Speed: 0.00 M/s, Max Resolution: None
Category: 日本频道, Name: 日テレNEWS24, Total: 2, Valid: 0, Valid Percent: 0.00%, IPv4: 2, IPv6: 0, Min Delay: -1 ms, Max Speed: 0.00 M/s, Avg Speed: 0.00 M/s, Max Resolution: None
Category: 日本频道, Name: TOKYO MX チャンネル, Total: 1, Valid: 1, Valid Percent: 100.00%, IPv4: 0, IPv6: 1, Min Delay: 545 ms, Max Speed: 5.90 M/s, Avg Speed: 5.90 M/s, Max Resolution: None
Category: 美国频道, Name: Buzzr Ⓖ, Total: 1, Valid: 0, Valid Percent: 0.00%, IPv4: 1, IPv6: 0, Min Delay: -1 ms, Max Speed: 0.00 M/s, Avg Speed: 0.00 M/s, Max Resolution: None
Category: 韩国频道, Name: KBS Korea Ⓨ, Total: 1, Valid: 0, Valid Percent: 0.00%, IPv4: 0, IPv6: 1, Min Delay: -1 ms, Max Speed: 0.00 M/s, Avg Speed: 0.00 M/s, Max Resolution: None
Category: 韩国频道, Name: All the K-Pop Ⓨ, Total: 1, Valid: 0, Valid Percent: 0.00%, IPv4: 0, IPv6: 1, Min Delay: -1 ms, Max Speed: 0.00 M/s, Avg Speed: 0.00 M/s, Max Resolution: None
Category: 日本频道, Name: 囲碁・将棋チャンネル, Total: 1, Valid: 0, Valid Percent: 0.00%, IPv4: 1, IPv6: 0, Min Delay: -1 ms, Max Speed: 0.00 M/s, Avg Speed: 0.00 M/s, Max Resolution: None
Category: 美国频道, Name: Stadium, Total: 2, Valid: 0, Valid Percent: 0.00%, IPv4: 0, IPv6: 2, Min Delay: -1 ms, Max Speed: 0.00 M/s, Avg Speed: 0.00 M/s, Max Resolution: None
Category: 美国频道, Name: Retro TV, Total: 1, Valid: 0, Valid Percent: 0.00%, IPv4: 0, IPv6: 1, Min Delay: -1 ms, Max Speed: 0.00 M/s, Avg Speed: 0.00 M/s, Max Resolution: None
Category: 美国频道, Name: Biz TV, Total: 1, Valid: 0, Valid Percent: 0.00%, IPv4: 1, IPv6: 0, Min Delay: -1 ms, Max Speed: 0.00 M/s, Avg Speed: 0.00 M/s, Max Resolution: None
Category: 美国频道, Name: Rev'n, Total: 1, Valid: 0, Valid Percent: 0.00%, IPv4: 0, IPv6: 1, Min Delay: -1 ms, Max Speed: 0.00 M/s, Avg Speed: 0.00 M/s, Max Resolution: None
Category: 美国频道, Name: Heartland, Total: 2, Valid: 0, Valid Percent: 0.00%, IPv4: 1, IPv6: 1, Min Delay: -1 ms, Max Speed: 0.00 M/s, Avg Speed: 0.00 M/s, Max Resolution: None
Category: 美国频道, Name: CNN, Total: 4, Valid: 0, Valid Percent: 0.00%, IPv4: 1, IPv6: 3, Min Delay: -1 ms, Max Speed: 0.00 M/s, Avg Speed: 0.00 M/s, Max Resolution: None
Category: 美国频道, Name: NBC News, Total: 1, Valid: 0, Valid Percent: 0.00%, IPv4: 1, IPv6: 0, Min Delay: -1 ms, Max Speed: 0.00 M/s, Avg Speed: 0.00 M/s, Max Resolution: None
Category: 美国频道, Name: Reuters TV, Total: 1, Valid: 0, Valid Percent: 0.00%, IPv4: 1, IPv6: 0, Min Delay: -1 ms, Max Speed: 0.00 M/s, Avg Speed: 0.00 M/s, Max Resolution: None
Category: 美国频道, Name: CNBC Ⓨ, Total: 1, Valid: 0, Valid Percent: 0.00%, IPv4: 0, IPv6: 1, Min Delay: -1 ms, Max Speed: 0.00 M/s, Avg Speed: 0.00 M/s, Max Resolution: None
Category: 美国频道, Name: ABC News, Total: 1, Valid: 0, Valid Percent: 0.00%, IPv4: 0, IPv6: 1, Min Delay: -1 ms, Max Speed: 0.00 M/s, Avg Speed: 0.00 M/s, Max Resolution: None
Category: 美国频道, Name: NASA TV Public, Total: 1, Valid: 0, Valid Percent: 0.00%, IPv4: 0, IPv6: 1, Min Delay: -1 ms, Max Speed: 0.00 M/s, Avg Speed: 0.00 M/s, Max Resolution: None
Category: 美国频道, Name: NASA TV Media, Total: 1, Valid: 0, Valid Percent: 0.00%, IPv4: 0, IPv6: 1, Min Delay: -1 ms, Max Speed: 0.00 M/s, Avg Speed: 0.00 M/s, Max Resolution: None
Category: 美国频道, Name: BBC Food, Total: 1, Valid: 0, Valid Percent: 0.00%, IPv4: 0, IPv6: 1, Min Delay: -1 ms, Max Speed: 0.00 M/s, Avg Speed: 0.00 M/s, Max Resolution: None
Category: 美国频道, Name: BBC Home, Total: 1, Valid: 0, Valid Percent: 0.00%, IPv4: 0, IPv6: 1, Min Delay: -1 ms, Max Speed: 0.00 M/s, Avg Speed: 0.00 M/s, Max Resolution: None
Category: 美国频道, Name: Drybar Comedy, Total: 1, Valid: 0, Valid Percent: 0.00%, IPv4: 1, IPv6: 0, Min Delay: -1 ms, Max Speed: 0.00 M/s, Avg Speed: 0.00 M/s, Max Resolution: None
Category: 美国频道, Name: Bumblebee TV Aurora Live, Total: 1, Valid: 0, Valid Percent: 0.00%, IPv4: 1, IPv6: 0, Min Delay: -1 ms, Max Speed: 0.00 M/s, Avg Speed: 0.00 M/s, Max Resolution: None
Category: 美国频道, Name: Docurama, Total: 1, Valid: 0, Valid Percent: 0.00%, IPv4: 1, IPv6: 0, Min Delay: -1 ms, Max Speed: 0.00 M/s, Avg Speed: 0.00 M/s, Max Resolution: None
Category: 美国频道, Name: Bumblebee TV AutoMoto, Total: 1, Valid: 0, Valid Percent: 0.00%, IPv4: 1, IPv6: 0, Min Delay: -1 ms, Max Speed: 0.00 M/s, Avg Speed: 0.00 M/s, Max Resolution: None
Category: 美国频道, Name: Bumblebee TV Classics 2, Total: 1, Valid: 0, Valid Percent: 0.00%, IPv4: 1, IPv6: 0, Min Delay: -1 ms, Max Speed: 0.00 M/s, Avg Speed: 0.00 M/s, Max Resolution: None
Category: 美国频道, Name: BumblebeeTV Beaches Live, Total: 1, Valid: 0, Valid Percent: 0.00%, IPv4: 1, IPv6: 0, Min Delay: -1 ms, Max Speed: 0.00 M/s, Avg Speed: 0.00 M/s, Max Resolution: None
Category: 美国频道, Name: Bumblebee TV CoronaVirus.Gov, Total: 1, Valid: 0, Valid Percent: 0.00%, IPv4: 1, IPv6: 0, Min Delay: -1 ms, Max Speed: 0.00 M/s, Avg Speed: 0.00 M/s, Max Resolution: None
Category: 美国频道, Name: Bumblebee TV Country Boy Kids Video.us, Total: 1, Valid: 0, Valid Percent: 0.00%, IPv4: 1, IPv6: 0, Min Delay: -1 ms, Max Speed: 0.00 M/s, Avg Speed: 0.00 M/s, Max Resolution: None
Category: 美国频道, Name: Bumblebee TV Cute Zone, Total: 1, Valid: 0, Valid Percent: 0.00%, IPv4: 1, IPv6: 0, Min Delay: -1 ms, Max Speed: 0.00 M/s, Avg Speed: 0.00 M/s, Max Resolution: None
Category: 美国频道, Name: Bumblebee TV Epic M, Total: 1, Valid: 0, Valid Percent: 0.00%, IPv4: 1, IPv6: 0, Min Delay: -1 ms, Max Speed: 0.00 M/s, Avg Speed: 0.00 M/s, Max Resolution: None
Category: 美国频道, Name: Bumblebee TV Forest Live, Total: 1, Valid: 0, Valid Percent: 0.00%, IPv4: 1, IPv6: 0, Min Delay: -1 ms, Max Speed: 0.00 M/s, Avg Speed: 0.00 M/s, Max Resolution: None
Category: 美国频道, Name: Bumblebee TV Fun Zone, Total: 1, Valid: 0, Valid Percent: 0.00%, IPv4: 1, IPv6: 0, Min Delay: -1 ms, Max Speed: 0.00 M/s, Avg Speed: 0.00 M/s, Max Resolution: None
Category: 美国频道, Name: Bumblebee TV Giggle Zone, Total: 1, Valid: 0, Valid Percent: 0.00%, IPv4: 1, IPv6: 0, Min Delay: -1 ms, Max Speed: 0.00 M/s, Avg Speed: 0.00 M/s, Max Resolution: None
Category: 美国频道, Name: Bumblebee TV Lego Toons, Total: 1, Valid: 0, Valid Percent: 0.00%, IPv4: 1, IPv6: 0, Min Delay: -1 ms, Max Speed: 0.00 M/s, Avg Speed: 0.00 M/s, Max Resolution: None
Category: 美国频道, Name: Bumblebee TV Lake Live, Total: 1, Valid: 0, Valid Percent: 0.00%, IPv4: 1, IPv6: 0, Min Delay: -1 ms, Max Speed: 0.00 M/s, Avg Speed: 0.00 M/s, Max Resolution: None
Category: 美国频道, Name: Bumblebee TV Lets Play Minecraft, Total: 1, Valid: 0, Valid Percent: 0.00%, IPv4: 1, IPv6: 0, Min Delay: -1 ms, Max Speed: 0.00 M/s, Avg Speed: 0.00 M/s, Max Resolution: None
Category: 美国频道, Name: Bumblebee TV Master Builder, Total: 1, Valid: 0, Valid Percent: 0.00%, IPv4: 1, IPv6: 0, Min Delay: -1 ms, Max Speed: 0.00 M/s, Avg Speed: 0.00 M/s, Max Resolution: None
Category: 美国频道, Name: Bumblebee TV LifeBae, Total: 1, Valid: 0, Valid Percent: 0.00%, IPv4: 1, IPv6: 0, Min Delay: -1 ms, Max Speed: 0.00 M/s, Avg Speed: 0.00 M/s, Max Resolution: None
Category: 美国频道, Name: Bumblebee TV Mountain Live, Total: 1, Valid: 0, Valid Percent: 0.00%, IPv4: 1, IPv6: 0, Min Delay: -1 ms, Max Speed: 0.00 M/s, Avg Speed: 0.00 M/s, Max Resolution: None
Category: 美国频道, Name: Bumblebee TV Recoil TV, Total: 1, Valid: 0, Valid Percent: 0.00%, IPv4: 1, IPv6: 0, Min Delay: -1 ms, Max Speed: 0.00 M/s, Avg Speed: 0.00 M/s, Max Resolution: None
Category: 美国频道, Name: Bumblebee TV Now You Know, Total: 1, Valid: 0, Valid Percent: 0.00%, IPv4: 1, IPv6: 0, Min Delay: -1 ms, Max Speed: 0.00 M/s, Avg Speed: 0.00 M/s, Max Resolution: None
Category: 美国频道, Name: Bumblebee TV Rivers Live, Total: 1, Valid: 0, Valid Percent: 0.00%, IPv4: 1, IPv6: 0, Min Delay: -1 ms, Max Speed: 0.00 M/s, Avg Speed: 0.00 M/s, Max Resolution: None
Category: 美国频道, Name: Bumblebee TV Sunset Live, Total: 1, Valid: 0, Valid Percent: 0.00%, IPv4: 1, IPv6: 0, Min Delay: -1 ms, Max Speed: 0.00 M/s, Avg Speed: 0.00 M/s, Max Resolution: None
Category: 美国频道, Name: Bumblebee TV Smosh, Total: 1, Valid: 0, Valid Percent: 0.00%, IPv4: 1, IPv6: 0, Min Delay: -1 ms, Max Speed: 0.00 M/s, Avg Speed: 0.00 M/s, Max Resolution: None
Category: 美国频道, Name: Bumblebee TV Thinknoodles, Total: 1, Valid: 0, Valid Percent: 0.00%, IPv4: 1, IPv6: 0, Min Delay: -1 ms, Max Speed: 0.00 M/s, Avg Speed: 0.00 M/s, Max Resolution: None
Category: 美国频道, Name: Bumblebee TV Trinity Beyond, Total: 1, Valid: 0, Valid Percent: 0.00%, IPv4: 1, IPv6: 0, Min Delay: -1 ms, Max Speed: 0.00 M/s, Avg Speed: 0.00 M/s, Max Resolution: None
Category: 美国频道, Name: Bumblebee TV Toy Zone, Total: 1, Valid: 0, Valid Percent: 0.00%, IPv4: 1, IPv6: 0, Min Delay: -1 ms, Max Speed: 0.00 M/s, Avg Speed: 0.00 M/s, Max Resolution: None
Category: 韩国频道, Name: Arirang, Total: 2, Valid: 2, Valid Percent: 100.00%, IPv4: 2, IPv6: 0, Min Delay: 1131 ms, Max Speed: 0.40 M/s, Avg Speed: 0.33 M/s, Max Resolution: 1920x1080
Category: 美国频道, Name: Bumblebee TV Tropics Live, Total: 1, Valid: 0, Valid Percent: 0.00%, IPv4: 1, IPv6: 0, Min Delay: -1 ms, Max Speed: 0.00 M/s, Avg Speed: 0.00 M/s, Max Resolution: None
Category: 澳大利亚, Name: TVSN, Total: 1, Valid: 0, Valid Percent: 0.00%, IPv4: 1, IPv6: 0, Min Delay: -1 ms, Max Speed: 0.00 M/s, Avg Speed: 0.00 M/s, Max Resolution: None
Category: 澳大利亚, Name: ABC, Total: 1, Valid: 0, Valid Percent: 0.00%, IPv4: 0, IPv6: 1, Min Delay: -1 ms, Max Speed: 0.00 M/s, Avg Speed: 0.00 M/s, Max Resolution: None
Category: 澳大利亚, Name: ABC Me, Total: 1, Valid: 0, Valid Percent: 0.00%, IPv4: 0, IPv6: 1, Min Delay: -1 ms, Max Speed: 0.00 M/s, Avg Speed: 0.00 M/s, Max Resolution: None
Category: 澳大利亚, Name: Racing.com, Total: 1, Valid: 0, Valid Percent: 0.00%, IPv4: 0, IPv6: 1, Min Delay: -1 ms, Max Speed: 0.00 M/s, Avg Speed: 0.00 M/s, Max Resolution: None
Category: 澳大利亚, Name: 9Go! Ⓖ, Total: 1, Valid: 0, Valid Percent: 0.00%, IPv4: 0, IPv6: 1, Min Delay: -1 ms, Max Speed: 0.00 M/s, Avg Speed: 0.00 M/s, Max Resolution: None
Category: 澳大利亚, Name: 9Rush Ⓖ, Total: 1, Valid: 0, Valid Percent: 0.00%, IPv4: 0, IPv6: 1, Min Delay: -1 ms, Max Speed: 0.00 M/s, Avg Speed: 0.00 M/s, Max Resolution: None
Category: 澳大利亚, Name: 9Life Ⓖ, Total: 1, Valid: 0, Valid Percent: 0.00%, IPv4: 0, IPv6: 1, Min Delay: -1 ms, Max Speed: 0.00 M/s, Avg Speed: 0.00 M/s, Max Resolution: None
Category: 韩国频道, Name: KBC TV, Total: 1, Valid: 0, Valid Percent: 0.00%, IPv4: 1, IPv6: 0, Min Delay: -1 ms, Max Speed: 0.00 M/s, Avg Speed: 0.00 M/s, Max Resolution: None
Category: 韩国频道, Name: TJB TV, Total: 1, Valid: 0, Valid Percent: 0.00%, IPv4: 1, IPv6: 0, Min Delay: -1 ms, Max Speed: 0.00 M/s, Avg Speed: 0.00 M/s, Max Resolution: None
Category: 韩国频道, Name: KNN TV, Total: 1, Valid: 0, Valid Percent: 0.00%, IPv4: 1, IPv6: 0, Min Delay: -1 ms, Max Speed: 0.00 M/s, Avg Speed: 0.00 M/s, Max Resolution: None
Category: 韩国频道, Name: UBC TV, Total: 1, Valid: 0, Valid Percent: 0.00%, IPv4: 1, IPv6: 0, Min Delay: -1 ms, Max Speed: 0.00 M/s, Avg Speed: 0.00 M/s, Max Resolution: None
Category: 美国频道, Name: Bloomberg, Total: 4, Valid: 1, Valid Percent: 25.00%, IPv4: 3, IPv6: 1, Min Delay: 89 ms, Max Speed: 6.81 M/s, Avg Speed: 6.81 M/s, Max Resolution: 1920x1080
Category: 美国频道, Name: CBS News, Total: 1, Valid: 0, Valid Percent: 0.00%, IPv4: 1, IPv6: 0, Min Delay: -1 ms, Max Speed: 0.00 M/s, Avg Speed: 0.00 M/s, Max Resolution: None
Category: 澳大利亚, Name: M4TV, Total: 1, Valid: 0, Valid Percent: 0.00%, IPv4: 1, IPv6: 0, Min Delay: -1 ms, Max Speed: 0.00 M/s, Avg Speed: 0.00 M/s, Max Resolution: None
